[app.docflite.com/Calculators/RCQ/Calculatorcd33.html]
[backblue.gif]
[fade.gif]
[index.html]
[code.jquery.com/jquery-3.5.1.slim.min.js]
[cdn.jsdelivr.net/npm/popper.js@1.16.1/dist/umd/popper.min.js]
[stackpath.bootstrapcdn.com/bootstrap/4.5.2/js/bootstrap.min.js]
[stackpath.bootstrapcdn.com/bootstrap/4.5.2/css/bootstrap.min.css]
[ajax.googleapis.com/ajax/libs/angularjs/1.8.3/angular.min.js]
[cdnjs.cloudflare.com/ajax/libs/angular-ui-bootstrap/2.5.6/ui-bootstrap-tpls.min.js]
[app.docflite.com/Scripts/tracking/mixpanel.js]
[cdnjs.cloudflare.com/ajax/libs/jspdf/2.5.1/jspdf.umd.min.js]
[cdnjs.cloudflare.com/ajax/libs/font-awesome/6.5.2/css/all.min.css]
[ajax.googleapis.com/ajax/libs/angularjs/1.8.3/angular-sanitize.js]
[connect.facebook.net/en_US/fbevents.js]
[app.docflite.com/Calculators/Images/Large Family Home.jpg]
[app.docflite.com/Calculators/Images/Medium Family Home.jpg]
[app.docflite.com/Calculators/Images/Small Family Home.jpg]
[app.docflite.com/Calculators/Images/Large Flat.png]
[app.docflite.com/Calculators/Images/Medium Flat.png]
[app.docflite.com/Calculators/Images/Small Flat.png]
[app.docflite.com/Calculators/Images/v2/LARGE HOME-min.png]
[app.docflite.com/Calculators/Images/v2/MEDIUM HOME-min.png]
[app.docflite.com/Calculators/Images/v2/SMALL HOME-min.png]
[app.docflite.com/Calculators/Images/v2/LARGE FLAT-min.png]
[app.docflite.com/Calculators/Images/v2/MEDIUM FLAT-min.png]
[app.docflite.com/Calculators/Images/v2/SMALL FLAT-min.png]
[app.docflite.com/Calculators/Images/v2/REGULAR LARGE HOME-min.png]
[app.docflite.com/Calculators/Images/v2/REGULAR MEDIUM HOME-min.png]
[app.docflite.com/Calculators/Images/v2/REGULAR SMALL HOME-min.png]
[app.docflite.com/Calculators/Images/v2/REGULAR LARGE FLAT.jpg]
[app.docflite.com/Calculators/Images/v2/REGULAR MEDIUM FLAT.jpg]
[app.docflite.com/Calculators/Images/v2/REGULAR SMALL FLAT.jpg]
[app.docflite.com/Calculators/Images/v2/STANDARD EOT-min.png]
[app.docflite.com/Calculators/Images/v2/AFTERBUILD EOT-min.png]
[app.docflite.com/Calculators/Images/v2/SPARKLE CLEAN EOT-min.png]
[app.docflite.com/Calculators/Images/analyze_my_quote.png]
[docflite.com/wp-content/uploads/2024/11/Quotes-On-brand-1.jpg]
[dcbn.org.uk/wp-content/uploads/2021/10/DCBN-LOGO-1.25.delayed]
[app.docflite.com/Calculators/RCQ/Calculatorcd33.html]
[stackpath.bootstrapcdn.com/bootstrap/4.5.2/css/bootstrap.min.css]
[app.docflite.com/Scripts/tracking/mixpanel.js]
[cdnjs.cloudflare.com/ajax/libs/font-awesome/6.5.2/css/all.min.css]
[connect.facebook.net/en_US/fbevents.js]
[www.googletagmanager.com/gtm5445.html]
[dcbn.org.uk/wp-content/uploads/2021/10/DCBN-LOGO-1.html]
[app.docflite.com/Calculators/RCQ/signals/config/index.html]
[app.docflite.com/Calculators/RCQ/t.html]
[app.docflite.com/Calculators/RCQ/e.html]
[app.docflite.com/Calculators/RCQ/signals/plugins/index.html]
[app.docflite.com/Calculators/RCQ/schema.org/index.html]
[app.docflite.com/Calculators/RCQ/t-2.html]
[app.docflite.com/Calculators/RCQ/o.html]
[app.docflite.com/signals/iwl.html]
[app.docflite.com/signals/iwl0fc5.html]
[app.docflite.com/Calculators/RCQ/n.html]
[app.docflite.com/Calculators/RCQ/n-2.html]
